// Jest Snapshot v1, https://goo.gl/fbAQLP

exports[`macros correct usage: correct usage 1`] = `
"
import filesize from '../macro';

const preview = filesize('./fixtures/jonathan-daniels-416786-unsplash.jpg');

      ↓ ↓ ↓ ↓ ↓ ↓

const preview = 709289;

"
`;

exports[`macros no usage: no usage 1`] = `
"
import filesize from '../macro'

      ↓ ↓ ↓ ↓ ↓ ↓


"
`;
